// Jest Snapshot v1, https://goo.gl/fbAQLP

exports[`SnippetSettingsConfirmationModal Renders SnippetSettingsConfirmation Modal 1`] = `
.emotion-0 {
  position: fixed;
  height: 100%;
  width: 100vw;
  display: -webkit-box;
  display: -webkit-flex;
  display: -ms-flexbox;
  display: flex;
  -webkit-align-items: center;
  -webkit-box-align: center;
  -ms-flex-align: center;
  align-items: center;
  -webkit-box-pack: center;
  -ms-flex-pack: center;
  -webkit-justify-content: center;
  justify-content: center;
  top: 0;
  left: 0;
  z-index: 1100;
}

.emotion-1 {
  position: fixed;
  height: 100%;
  width: 100%;
  -webkit-backdrop-filter: blur(4px);
  backdrop-filter: blur(4px);
  background-color: rgba(217,220,222,0.8);
  top: 0;
  left: 0;
  display: -webkit-box;
  display: -webkit-flex;
  display: -ms-flexbox;
  display: flex;
  box-sizing: border-box;
  z-index: 1100;
  transition-property: opacity;
  transition-timing-function: cubic-bezier(0, 0, 0.4, 0.9);
  transition-duration: 200ms;
  opacity: 1;
  -webkit-transform: scale(1);
  -moz-transform: scale(1);
  -ms-transform: scale(1);
  transform: scale(1);
}

.emotion-2 {
  border: none;
  outline: none;
  box-sizing: border-box;
  max-height: 100vh;
  max-width: calc(100vw - 32px);
  background-color: rgb(255,255,255);
  overflow: hidden;
  box-shadow: 0px 4px 20px -2px rgba(0, 0, 0, 0.25);
  z-index: 1100;
  border-radius: 10px;
  width: 420px;
  transition-property: opacity,transform;
  transition-timing-function: cubic-bezier(0, 0, 0.4, 0.9);
  transition-duration: 200ms;
  opacity: 1;
  -webkit-transform: scale(1);
  -moz-transform: scale(1);
  -ms-transform: scale(1);
  transform: scale(1);
  width: 25rem;
}

.emotion-3 {
  direction: ltr;
  box-sizing: border-box;
  height: 100%;
  width: 100%;
  overflow: hidden;
  transition-property: opacity;
  transition-timing-function: cubic-bezier(0, 0, 0.4, 0.9);
  transition-duration: 200ms;
  opacity: 1;
  -webkit-transform: scale(1);
  -moz-transform: scale(1);
  -ms-transform: scale(1);
  transform: scale(1);
  transition-delay: 200ms;
}

.emotion-4 {
  margin: 1.5rem 1.5rem 1.5rem 1.5rem;
}

.emotion-5 {
  position: relative;
  display: -webkit-box;
  display: -webkit-flex;
  display: -ms-flexbox;
  display: flex;
  -webkit-flex-direction: column;
  -ms-flex-direction: column;
  flex-direction: column;
  -webkit-box-flex-wrap: nowrap;
  -webkit-flex-wrap: nowrap;
  -ms-flex-wrap: nowrap;
  flex-wrap: nowrap;
  max-height: inherit;
  max-width: inherit;
  height: 100%;
  width: 100%;
  overflow: hidden;
  box-sizing: border-box;
}

.emotion-6 {
  -webkit-box-flex: 1;
  -webkit-flex-grow: 1;
  -ms-flex-positive: 1;
  flex-grow: 1;
  -webkit-flex-shrink: 1;
  -ms-flex-negative: 1;
  flex-shrink: 1;
  max-width: 100vw;
  max-height: 100vh;
  height: 100%;
  width: 100%;
  overflow-y: auto;
  position: relative;
}

.emotion-7 {
  -webkit-box-flex: 0;
  -webkit-flex-grow: 0;
  -ms-flex-positive: 0;
  flex-grow: 0;
  -webkit-flex-shrink: 0;
  -ms-flex-negative: 0;
  flex-shrink: 0;
  overflow: visible;
  -webkit-transition: box-shadow .2s ease-in-out;
  transition: box-shadow .2s ease-in-out;
}

.emotion-8 {
  display: -webkit-box;
  display: -webkit-flex;
  display: -ms-flexbox;
  display: flex;
  -webkit-flex-direction: row;
  -ms-flex-direction: row;
  flex-direction: row;
  margin-bottom: 1rem;
  padding: 0.15rem;
}

.emotion-9 {
  font-size: 1.5rem;
  color: rgb(26,32,38);
  width: 100%;
  font-weight: 400;
}

.emotion-11 {
  margin-top: 1.5rem;
  display: -webkit-box;
  display: -webkit-flex;
  display: -ms-flexbox;
  display: flex;
  -webkit-flex-direction: row-reverse;
  -ms-flex-direction: row-reverse;
  flex-direction: row-reverse;
  padding: 0.15rem;
}

.emotion-12 {
  direction: ltr;
  -webkit-align-items: center;
  -webkit-box-align: center;
  -ms-flex-align: center;
  align-items: center;
  background-color: rgb(0,106,225);
  border: 1px solid transparent;
  border-radius: 10px;
  box-sizing: border-box;
  cursor: pointer;
  display: -webkit-inline-box;
  display: -webkit-inline-flex;
  display: -ms-inline-flexbox;
  display: inline-flex;
  font-family: 'Rubik','Helvetica','Arial';
  font-style: normal;
  font-weight: 400;
  height: 40px;
  -webkit-box-pack: center;
  -ms-flex-pack: center;
  -webkit-justify-content: center;
  justify-content: center;
  letter-spacing: 0;
  margin-right: 0;
  margin-left: 0;
  max-width: 100%;
  padding-bottom: 0;
  padding-top: 0;
  -webkit-text-decoration: none;
  text-decoration: none;
  -webkit-transition: background-color cubic-bezier(0, 0, 0.39, 1) 100ms,color cubic-bezier(0, 0, 0.39, 1) 100ms,border-color cubic-bezier(0, 0, 0.39, 1) 100ms,box-shadow cubic-bezier(0.2, 0, 0.4, 0.9) 100ms;
  transition: background-color cubic-bezier(0, 0, 0.39, 1) 100ms,color cubic-bezier(0, 0, 0.39, 1) 100ms,border-color cubic-bezier(0, 0, 0.39, 1) 100ms,box-shadow cubic-bezier(0.2, 0, 0.4, 0.9) 100ms;
  color: rgb(255,255,255);
  font-size: 1rem;
  padding-left: 1.5rem;
  padding-right: 1.5rem;
  min-width: 96px;
  margin-left: 0.5rem;
}

@media (hover: hover) {
  .emotion-12:hover {
    background-color: #004CD6;
  }
}

.emotion-12:active {
  background-color: #0025BD;
  -webkit-transform: scale(0.96);
  -moz-transform: scale(0.96);
  -ms-transform: scale(0.96);
  transform: scale(0.96);
}

.emotion-12:focus-visible {
  outline: none;
  box-shadow: 0 0 0 2px #4494EF;
}

.emotion-12 svg {
  fill: rgb(255,255,255);
}

.emotion-13 {
  min-width: 0;
  overflow: hidden;
  white-space: nowrap;
  text-overflow: ellipsis;
}

.emotion-14 {
  direction: ltr;
  -webkit-align-items: center;
  -webkit-box-align: center;
  -ms-flex-align: center;
  align-items: center;
  background-color: transparent;
  border: 1px solid transparent;
  border-radius: 10px;
  box-sizing: border-box;
  cursor: pointer;
  display: -webkit-inline-box;
  display: -webkit-inline-flex;
  display: -ms-inline-flexbox;
  display: inline-flex;
  font-family: 'Rubik','Helvetica','Arial';
  font-style: normal;
  font-weight: 400;
  height: 40px;
  -webkit-box-pack: center;
  -ms-flex-pack: center;
  -webkit-justify-content: center;
  justify-content: center;
  letter-spacing: 0;
  margin-right: 0;
  margin-left: 0;
  max-width: 100%;
  padding-bottom: 0;
  padding-top: 0;
  -webkit-text-decoration: none;
  text-decoration: none;
  -webkit-transition: background-color cubic-bezier(0, 0, 0.39, 1) 100ms,color cubic-bezier(0, 0, 0.39, 1) 100ms,border-color cubic-bezier(0, 0, 0.39, 1) 100ms,box-shadow cubic-bezier(0.2, 0, 0.4, 0.9) 100ms;
  transition: background-color cubic-bezier(0, 0, 0.39, 1) 100ms,color cubic-bezier(0, 0, 0.39, 1) 100ms,border-color cubic-bezier(0, 0, 0.39, 1) 100ms,box-shadow cubic-bezier(0.2, 0, 0.4, 0.9) 100ms;
  color: #006DE9;
  font-size: 1rem;
  padding-left: 1.5rem;
  padding-right: 1.5rem;
  min-width: 96px;
}

@media (hover: hover) {
  .emotion-14:hover {
    background-color: rgb(242,248,254);
    color: #004CD6;
  }

  .emotion-14:hover svg {
    fill: #004CD6;
  }
}

.emotion-14:active {
  background-color: #CFE4FC;
  color: #004CD6;
  -webkit-transform: scale(0.96);
  -moz-transform: scale(0.96);
  -ms-transform: scale(0.96);
  transform: scale(0.96);
}

.emotion-14:active svg {
  fill: #004CD6;
}

.emotion-14:focus-visible {
  outline: none;
  box-shadow: 0 0 0 2px #4494EF;
}

<body
  style="overflow: hidden;"
>
  <div />
  <div
    class="emotion-0"
  >
    <div
      class="emotion-1"
      data-cvent-id="snippet-settings-configure-confirmation-scrim"
    />
    <div
      aria-label="Leave without saving?"
      aria-modal="true"
      class="focus-visible emotion-2"
      data-cvent-id="snippet-settings-configure-confirmation"
      role="dialog"
      tabindex="-1"
    >
      <div
        class="emotion-3"
      >
        <div
          class="emotion-4"
        >
          <div
            class="emotion-5"
          >
            <div
              class="emotion-6"
            >
              <div
                class="emotion-7"
              >
                <div
                  class="emotion-8"
                >
                  <span
                    class="emotion-9"
                  >
                    Leave without saving?
                  </span>
                </div>
              </div>
              <div>
                If you leave, your changes wonâ€™t be saved. Stay here to save them.
              </div>
            </div>
            <div
              class="emotion-7"
            >
              <div>
                <div
                  class="emotion-11"
                >
                  <button
                    aria-label="Stay"
                    class="emotion-12"
                    data-cvent-id="snippet-settings-configure-confirmation-save-button"
                    type="button"
                  >
                    <span
                      class="emotion-13"
                    >
                      Stay
                    </span>
                  </button>
                  <button
                    aria-label="Leave"
                    class="emotion-14"
                    data-cvent-id="snippet-settings-configure-confirmation-cancel-button"
                    type="button"
                  >
                    <span
                      class="emotion-13"
                    >
                      Leave
                    </span>
                  </button>
                </div>
              </div>
            </div>
          </div>
        </div>
      </div>
    </div>
  </div>
</body>
`;
