// Jest Snapshot v1, https://goo.gl/fbAQLP

exports[`Member Profile opening of modal on clicking on see preview 1`] = `
.emotion-0 {
  position: fixed;
  height: 100%;
  width: 100vw;
  display: -webkit-box;
  display: -webkit-flex;
  display: -ms-flexbox;
  display: flex;
  -webkit-align-items: center;
  -webkit-box-align: center;
  -ms-flex-align: center;
  align-items: center;
  -webkit-box-pack: center;
  -ms-flex-pack: center;
  -webkit-justify-content: center;
  justify-content: center;
  top: 0;
  left: 0;
  z-index: 1100;
}

.emotion-1 {
  position: fixed;
  height: 100%;
  width: 100%;
  -webkit-backdrop-filter: blur(4px);
  backdrop-filter: blur(4px);
  background-color: rgba(217,220,222,0.8);
  top: 0;
  left: 0;
  display: -webkit-box;
  display: -webkit-flex;
  display: -ms-flexbox;
  display: flex;
  box-sizing: border-box;
  z-index: 1100;
  transition-property: opacity;
  transition-timing-function: cubic-bezier(0, 0, 0.4, 0.9);
  transition-duration: 200ms;
  opacity: 1;
  -webkit-transform: scale(1);
  -moz-transform: scale(1);
  -ms-transform: scale(1);
  transform: scale(1);
}

.emotion-2 {
  border: none;
  outline: none;
  box-sizing: border-box;
  max-height: 100vh;
  max-width: 100vw;
  background-color: rgb(255,255,255);
  overflow: hidden;
  box-shadow: 0px 4px 20px -2px rgba(0, 0, 0, 0.25);
  z-index: 1100;
  border-radius: 10px;
  width: 560px;
  transition-property: opacity,transform;
  transition-timing-function: cubic-bezier(0, 0, 0.4, 0.9);
  transition-duration: 200ms;
  opacity: 1;
  -webkit-transform: scale(1);
  -moz-transform: scale(1);
  -ms-transform: scale(1);
  transform: scale(1);
}

@media (max-width: 560px) {
  .emotion-2 {
    border-radius: 0;
    max-width: 100vw;
    height: 100%;
    max-height: 100vh;
  }
}

.emotion-3 {
  direction: ltr;
  box-sizing: border-box;
  height: 100%;
  width: 100%;
  overflow: hidden;
  transition-property: opacity;
  transition-timing-function: cubic-bezier(0, 0, 0.4, 0.9);
  transition-duration: 200ms;
  opacity: 1;
  -webkit-transform: scale(1);
  -moz-transform: scale(1);
  -ms-transform: scale(1);
  transform: scale(1);
  transition-delay: 200ms;
}

.emotion-4 {
  position: relative;
  display: -webkit-box;
  display: -webkit-flex;
  display: -ms-flexbox;
  display: flex;
  -webkit-flex-direction: column;
  -ms-flex-direction: column;
  flex-direction: column;
  -webkit-box-flex-wrap: nowrap;
  -webkit-flex-wrap: nowrap;
  -ms-flex-wrap: nowrap;
  flex-wrap: nowrap;
  max-height: inherit;
  max-width: inherit;
  height: 100%;
  width: 100%;
  overflow: hidden;
  box-sizing: border-box;
}

.emotion-5 {
  -webkit-box-flex: 1;
  -webkit-flex-grow: 1;
  -ms-flex-positive: 1;
  flex-grow: 1;
  -webkit-flex-shrink: 1;
  -ms-flex-negative: 1;
  flex-shrink: 1;
  max-width: 100vw;
  max-height: 100vh;
  height: 100%;
  width: 100%;
  overflow-y: auto;
  position: relative;
}

.emotion-6 {
  -webkit-box-flex: 0;
  -webkit-flex-grow: 0;
  -ms-flex-positive: 0;
  flex-grow: 0;
  -webkit-flex-shrink: 0;
  -ms-flex-negative: 0;
  flex-shrink: 0;
  overflow: visible;
  -webkit-transition: box-shadow .2s ease-in-out;
  transition: box-shadow .2s ease-in-out;
}

.emotion-7 {
  margin: 1.5rem;
  -webkit-flex-direction: row;
  -ms-flex-direction: row;
  flex-direction: row;
  display: -webkit-box;
  display: -webkit-flex;
  display: -ms-flexbox;
  display: flex;
  -webkit-box-pack: justify;
  -webkit-justify-content: space-between;
  justify-content: space-between;
}

.emotion-7 button {
  cursor: pointer;
}

.emotion-8 {
  font-size: 1.5rem;
  color: rgb(26,32,38);
  word-wrap: break-word;
  padding: 0;
  margin: 0;
}

.emotion-9 {
  direction: ltr;
  -webkit-align-items: center;
  -webkit-box-align: center;
  -ms-flex-align: center;
  align-items: center;
  background-color: transparent;
  border: 1px solid transparent;
  border-radius: 1000px;
  box-sizing: border-box;
  cursor: pointer;
  display: -webkit-inline-box;
  display: -webkit-inline-flex;
  display: -ms-inline-flexbox;
  display: inline-flex;
  font-family: 'Rubik','Helvetica','Arial';
  font-style: normal;
  font-weight: 400;
  height: 36px;
  -webkit-box-pack: center;
  -ms-flex-pack: center;
  -webkit-justify-content: center;
  justify-content: center;
  letter-spacing: 0;
  margin-right: 0;
  margin-left: 0;
  max-width: 100%;
  padding-bottom: 0;
  padding-top: 0;
  -webkit-text-decoration: none;
  text-decoration: none;
  -webkit-transition: background-color cubic-bezier(0, 0, 0.39, 1) 100ms,color cubic-bezier(0, 0, 0.39, 1) 100ms,border-color cubic-bezier(0, 0, 0.39, 1) 100ms,box-shadow cubic-bezier(0.2, 0, 0.4, 0.9) 100ms;
  transition: background-color cubic-bezier(0, 0, 0.39, 1) 100ms,color cubic-bezier(0, 0, 0.39, 1) 100ms,border-color cubic-bezier(0, 0, 0.39, 1) 100ms,box-shadow cubic-bezier(0.2, 0, 0.4, 0.9) 100ms;
  color: rgb(26,32,38);
  font-size: 0.875rem;
  padding-left: 1rem;
  padding-right: 1rem;
  min-width: 0;
  padding: 0.25rem;
  width: 36px;
}

@media (hover: hover) {
  .emotion-9:hover {
    background-color: rgba(217,220,222,0.4);
  }
}

.emotion-9:active {
  background-color: rgba(154,159,166,0.4);
  -webkit-transform: scale(0.96);
  -moz-transform: scale(0.96);
  -ms-transform: scale(0.96);
  transform: scale(0.96);
}

.emotion-9:focus-visible {
  outline: none;
  box-shadow: 0 0 0 2px rgb(52,56,63);
}

.emotion-10 {
  -webkit-align-items: center;
  -webkit-box-align: center;
  -ms-flex-align: center;
  align-items: center;
  display: -webkit-box;
  display: -webkit-flex;
  display: -ms-flexbox;
  display: flex;
  margin: 0;
}

.emotion-11 {
  width: 1.5rem;
  height: 1.5rem;
  fill: rgb(74,80,89);
}

.emotion-12 {
  background-color: rgb(255,255,255);
  --blocks-h1-color: rgb(0,0,0);
  --blocks-h1-font-family: 'Helvetica','Arial','Rubik','Helvetica','Arial';
  --blocks-h1-font-size: 2.25rem;
  --blocks-h1-font-weight: 400;
  --blocks-h1-line-height: 1.25;
  --blocks-h2-color: rgb(0,0,0);
  --blocks-h2-font-family: 'Helvetica','Arial','Rubik','Helvetica','Arial';
  --blocks-h2-font-size: 1.5rem;
  --blocks-h2-font-weight: 400;
  --blocks-h2-line-height: 1.25;
  --blocks-h3-color: rgb(0,0,0);
  --blocks-h3-font-family: 'Helvetica','Arial','Rubik','Helvetica','Arial';
  --blocks-h3-font-size: 1.3125rem;
  --blocks-h3-font-weight: 400;
  --blocks-h3-line-height: 1.25;
  --blocks-h4-color: rgb(0,0,0);
  --blocks-h4-font-family: 'Helvetica','Arial','Rubik','Helvetica','Arial';
  --blocks-h4-font-size: 1.125rem;
  --blocks-h4-font-weight: 400;
  --blocks-h4-line-height: 1.25;
  --blocks-h5-color: rgb(105,113,122);
  --blocks-h5-font-family: 'Helvetica','Arial','Rubik','Helvetica','Arial';
  --blocks-h5-font-size: 0.875rem;
  --blocks-h5-font-weight: 400;
  --blocks-h5-line-height: 1.25;
  --blocks-h6-color: rgb(105,113,122);
  --blocks-h6-font-family: 'Helvetica','Arial','Rubik','Helvetica','Arial';
  --blocks-h6-font-size: 0.75rem;
  --blocks-h6-font-weight: 400;
  --blocks-h6-line-height: 1.25;
  --blocks-p-color: rgb(0,0,0);
  --blocks-p-font-family: 'Helvetica','Arial','Rubik','Helvetica','Arial';
  --blocks-p-font-size: 0.875rem;
  --blocks-p-font-weight: 400;
  --blocks-p-line-height: 1.5;
  --blocks-ol-color: rgb(0,0,0);
  --blocks-ol-font-family: 'Helvetica','Arial','Rubik','Helvetica','Arial';
  --blocks-ol-font-size: 0.875rem;
  --blocks-ol-font-weight: 400;
  --blocks-ol-line-height: 1.5;
  --blocks-ul-color: rgb(0,0,0);
  --blocks-ul-font-family: 'Helvetica','Arial','Rubik','Helvetica','Arial';
  --blocks-ul-font-size: 0.875rem;
  --blocks-ul-font-weight: 400;
  --blocks-ul-line-height: 1.5;
  --blocks-pre-color: rgb(0,0,0);
  --blocks-pre-font-family: 'Roboto Mono',monospace;
  --blocks-pre-font-size: 0.875rem;
  --blocks-pre-font-weight: 400;
  --blocks-pre-line-height: 1.5;
  --blocks-code-color: rgb(0,0,0);
  --blocks-code-font-family: 'Roboto Mono',monospace;
  --blocks-code-font-size: 0.875rem;
  --blocks-code-font-weight: 400;
  --blocks-code-line-height: 1.5;
  font-size: 0.875rem;
  line-height: 1.5;
  font-weight: 400;
  font-family: 'Helvetica','Arial','Rubik','Helvetica','Arial';
  color: rgb(0,0,0);
  -webkit-font-smoothing: antialiased;
  --blocks-h1-font-size: 3rem;
  --blocks-h2-font-size: 2.25rem;
  --blocks-h3-font-size: 1.25rem;
  --blocks-h4-font-size: 1.125rem;
  --blocks-p-font-size: 1.25rem;
  --blocks-ol-font-size: 1.25rem;
  --blocks-ul-font-size: 1.25rem;
}

.emotion-13 {
  display: -webkit-box;
  display: -webkit-flex;
  display: -ms-flexbox;
  display: flex;
  -webkit-box-pack: center;
  -ms-flex-pack: center;
  -webkit-justify-content: center;
  justify-content: center;
  -webkit-align-items: center;
  -webkit-box-align: center;
  -ms-flex-align: center;
  align-items: center;
  height: 100%;
  padding-top: 2rem;
  padding-bottom: 2rem;
}

.emotion-14 {
  position: relative;
  border-radius: 12px;
  -webkit-align-items: center;
  -webkit-box-align: center;
  -ms-flex-align: center;
  align-items: center;
  background-color: rgb(255,255,255);
  font-family: 'Helvetica','Arial','Rubik','Helvetica','Arial';
  color: rgb(0,0,0);
  box-shadow: 0px 4px 20px -2px rgba(0, 0, 0, 0.25);
}

.emotion-15 {
  display: -webkit-box;
  display: -webkit-flex;
  display: -ms-flexbox;
  display: flex;
  -webkit-flex-direction: column;
  -ms-flex-direction: column;
  flex-direction: column;
  -webkit-box-pack: justify;
  -webkit-justify-content: space-between;
  justify-content: space-between;
}

.emotion-16 {
  z-index: 10;
  -webkit-box-flex: 0;
  -webkit-flex-grow: 0;
  -ms-flex-positive: 0;
  flex-grow: 0;
}

.emotion-17 {
  background-color: #006de9;
  border-top-left-radius: 12px;
  border-top-right-radius: 12px;
}

.emotion-19 {
  -webkit-box-flex: 1;
  -webkit-flex-grow: 1;
  -ms-flex-positive: 1;
  flex-grow: 1;
}

.emotion-20 {
  position: absolute;
  background-color: transparent;
  z-index: 15;
  height: 40px;
  width: 120px;
  top: 16px;
  left: 24px;
}

.emotion-21 {
  height: 100%;
  object-fit: contain;
}

.emotion-22 {
  width: 100%;
}

.emotion-23 {
  z-index: 5;
  margin-bottom: 24px;
  object-fit: cover;
  width: 100%;
  object-position: 50% 10%;
}

.emotion-24 {
  padding: 0 24px;
  margin-bottom: 32px;
}

.emotion-25 {
  text-align: left;
  font-weight: 500;
  word-break: break-word;
  margin: 0;
  font-size: 1.25rem;
}

.emotion-26 {
  text-align: left;
  word-break: break-word;
  margin-top: 16px;
  font-size: 1rem;
}

.emotion-29 {
  background-color: #006de9;
  border-bottom-left-radius: 12px;
  border-bottom-right-radius: 12px;
  padding: 0 24px;
  display: -webkit-box;
  display: -webkit-flex;
  display: -ms-flexbox;
  display: flex;
  -webkit-align-items: center;
  -webkit-box-align: center;
  -ms-flex-align: center;
  align-items: center;
  -webkit-box-pack: start;
  -ms-flex-pack: start;
  -webkit-justify-content: flex-start;
  justify-content: flex-start;
}

<body
  style="overflow: hidden;"
>
  <div>
    <div
      class="emotion-0"
    >
      <div
        class="emotion-1"
        data-cvent-id="profile-card-scrim"
      />
      <div
        aria-label="Profile card preview"
        aria-modal="true"
        class="focus-visible  emotion-2"
        data-cvent-id="profile-card"
        role="dialog"
        tabindex="-1"
      >
        <div
          class="emotion-3"
        >
          <div
            class="emotion-4"
          >
            <div
              class="emotion-5"
            >
              <div
                class="emotion-6"
              >
                <div
                  class="emotion-7"
                >
                  <h2
                    class="emotion-8"
                  >
                    Preview
                  </h2>
                  <button
                    aria-label="close modal "
                    class="emotion-9 focus-visible"
                    data-cvent-id="member-details-dismiss-button"
                    data-focus-visible-added=""
                    type="button"
                  >
                    <span
                      class="emotion-10"
                    >
                      <svg
                        aria-hidden="true"
                        class="emotion-11"
                        focusable="false"
                        role="img"
                        viewBox="0 0 32 32"
                        xmlns="http://www.w3.org/2000/svg"
                      >
                        <g>
                          <svg
                            viewBox="0 0 24 24"
                          >
                            <path
                              d="M13.4 12l5.3-5.3c.4-.4.4-1 0-1.4-.4-.4-1-.4-1.4 0L12 10.6 6.7 5.3c-.4-.4-1-.4-1.4 0-.4.4-.4 1 0 1.4l5.3 5.3-5.3 5.3c-.4.4-.4 1 0 1.4.2.2.4.3.7.3.3 0 .5-.1.7-.3l5.3-5.3 5.3 5.3c.2.2.5.3.7.3.2 0 .5-.1.7-.3.4-.4.4-1 0-1.4L13.4 12z"
                            />
                          </svg>
                        </g>
                      </svg>
                    </span>
                  </button>
                </div>
              </div>
              <div
                class="emotion-12"
                data-block-color-key="mood"
              >
                <div
                  class="emotion-13"
                >
                  <div
                    class="emotion-14"
                    data-cvent-id="design-profile-card-profile-card"
                    role="presentation"
                  >
                    <div
                      class="emotion-15"
                      data-cvent-id="frame"
                    >
                      <div
                        class="emotion-16"
                      >
                        <div
                          class="emotion-17"
                        />
                        <div
                          class="emotion-18"
                        />
                      </div>
                      <div
                        class="emotion-19"
                      >
                        <div
                          class="emotion-20"
                        >
                          <img
                            alt=""
                            class="emotion-21"
                            data-cvent-id="design-profile-card-logo-image"
                            src="bluecorp-logo.bb215fc5.png"
                          />
                        </div>
                        <div
                          class="emotion-22"
                        >
                          <div
                            class="emotion-23"
                            data-cvent-id="design-profile-card-profile-image-placeholder"
                          >
                            <svg
                              fill="none"
                              height="100%"
                              viewBox="0 0 100% 100%"
                              width="100%"
                              xmlns="http://www.w3.org/2000/svg"
                            >
                              <g
                                clip-path="url(#clip0_2077_164167)"
                              >
                                <rect
                                  fill="#F7F8F9"
                                  height="100%"
                                  width="100%"
                                />
                                <circle
                                  cx="88"
                                  cy="50.6842"
                                  fill="#34383F"
                                  fill-opacity="0.5"
                                  r="33.6842"
                                />
                                <path
                                  d="M88 91.1055C53.9974 91.1055 26.1882 117.622 24.123 151.105C23.987 153.31 25.7909 155.105 28 155.105H148C150.209 155.105 152.013 153.31 151.877 151.105C149.812 117.622 122.003 91.1055 88 91.1055Z"
                                  fill="#34383F"
                                  fill-opacity="0.5"
                                />
                                <circle
                                  cx="367"
                                  cy="113.684"
                                  fill="#34383F"
                                  fill-opacity="0.5"
                                  r="33.6842"
                                />
                                <path
                                  d="M367 154.105C332.997 154.105 305.188 180.622 303.123 214.105C302.987 216.31 304.791 218.105 307 218.105H427C429.209 218.105 431.013 216.31 430.877 214.105C428.812 180.622 401.003 154.105 367 154.105Z"
                                  fill="#34383F"
                                  fill-opacity="0.5"
                                />
                                <circle
                                  cx="12"
                                  cy="195.105"
                                  fill="#34383F"
                                  fill-opacity="0.5"
                                  r="22.1053"
                                />
                                <path
                                  d="M12 221.633C-9.84825 221.633 -27.8001 238.315 -29.8124 259.637C-30.02 261.836 -28.2091 263.633 -26 263.633H50C52.2091 263.633 54.02 261.836 53.8124 259.637C51.8001 238.315 33.8482 221.633 12 221.633Z"
                                  fill="#34383F"
                                  fill-opacity="0.5"
                                />
                                <circle
                                  cx="316"
                                  cy="45.1053"
                                  fill="#34383F"
                                  fill-opacity="0.5"
                                  r="22.1053"
                                />
                                <path
                                  d="M316 71.6328C294.152 71.6328 276.2 88.3153 274.188 109.637C273.98 111.836 275.791 113.633 278 113.633H354C356.209 113.633 358.02 111.836 357.812 109.637C355.8 88.3153 337.848 71.6328 316 71.6328Z"
                                  fill="#34383F"
                                  fill-opacity="0.5"
                                />
                                <path
                                  d="M424 -9.36719C402.152 -9.36719 384.2 7.31526 382.188 28.637C381.98 30.8363 383.791 32.6328 386 32.6328L462 32.6328C464.209 32.6328 466.02 30.8363 465.812 28.637C463.8 7.31526 445.848 -9.36719 424 -9.36719Z"
                                  fill="#34383F"
                                  fill-opacity="0.5"
                                />
                                <circle
                                  cx="156"
                                  cy="243.684"
                                  fill="#34383F"
                                  fill-opacity="0.5"
                                  r="33.6842"
                                />
                                <path
                                  d="M156 284.105C121.997 284.105 94.1882 310.622 92.123 344.105C91.987 346.31 93.7909 348.105 96 348.105H216C218.209 348.105 220.013 346.31 219.877 344.105C217.812 310.622 190.003 284.105 156 284.105Z"
                                  fill="#34383F"
                                  fill-opacity="0.5"
                                />
                                <circle
                                  cx="232"
                                  cy="280.105"
                                  fill="#34383F"
                                  fill-opacity="0.5"
                                  r="22.1053"
                                />
                                <path
                                  d="M232 306.633C210.152 306.633 192.2 323.315 190.188 344.637C189.98 346.836 191.791 348.633 194 348.633H270C272.209 348.633 274.02 346.836 273.812 344.637C271.8 323.315 253.848 306.633 232 306.633Z"
                                  fill="#34383F"
                                  fill-opacity="0.5"
                                />
                                <circle
                                  cx="63.0508"
                                  cy="208.185"
                                  fill="#34383F"
                                  fill-opacity="0.5"
                                  r="13.1847"
                                />
                                <path
                                  d="M63.051 224.008C50.5717 224.008 40.2237 233.133 38.3151 245.074C37.9665 247.256 39.7909 249.059 42 249.059H84.1019C86.3111 249.059 88.1355 247.256 87.7868 245.074C85.8783 233.133 75.5302 224.008 63.051 224.008Z"
                                  fill="#34383F"
                                  fill-opacity="0.5"
                                />
                                <circle
                                  cx="172"
                                  cy="106.105"
                                  fill="#34383F"
                                  fill-opacity="0.5"
                                  r="22.1053"
                                />
                                <path
                                  d="M172 132.633C150.152 132.633 132.2 149.315 130.188 170.637C129.98 172.836 131.791 174.633 134 174.633H210C212.209 174.633 214.02 172.836 213.812 170.637C211.8 149.315 193.848 132.633 172 132.633Z"
                                  fill="#34383F"
                                  fill-opacity="0.5"
                                />
                                <circle
                                  cx="252.051"
                                  cy="177.185"
                                  fill="#34383F"
                                  fill-opacity="0.5"
                                  r="13.1847"
                                />
                                <path
                                  d="M252.051 193.008C239.572 193.008 229.224 202.133 227.315 214.074C226.966 216.256 228.791 218.059 231 218.059H273.102C275.311 218.059 277.135 216.256 276.787 214.074C274.878 202.133 264.53 193.008 252.051 193.008Z"
                                  fill="#34383F"
                                  fill-opacity="0.5"
                                />
                                <circle
                                  cx="240.051"
                                  cy="4.18472"
                                  fill="#34383F"
                                  fill-opacity="0.5"
                                  r="13.1847"
                                />
                                <path
                                  d="M240.051 20.0078C227.572 20.0078 217.224 29.1328 215.315 41.0744C214.966 43.2558 216.791 45.0588 219 45.0588H261.102C263.311 45.0588 265.135 43.2558 264.787 41.0744C262.878 29.1328 252.53 20.0078 240.051 20.0078Z"
                                  fill="#34383F"
                                  fill-opacity="0.5"
                                />
                                <circle
                                  cx="406.051"
                                  cy="251.185"
                                  fill="#34383F"
                                  fill-opacity="0.5"
                                  r="13.1847"
                                />
                                <path
                                  d="M406.051 267.008C393.572 267.008 383.224 276.133 381.315 288.074C380.966 290.256 382.791 292.059 385 292.059H427.102C429.311 292.059 431.135 290.256 430.787 288.074C428.878 276.133 418.53 267.008 406.051 267.008Z"
                                  fill="#34383F"
                                  fill-opacity="0.5"
                                />
                                <circle
                                  cx="375"
                                  cy="293.105"
                                  fill="#34383F"
                                  fill-opacity="0.5"
                                  r="22.1053"
                                />
                                <path
                                  d="M375 319.633C353.152 319.633 335.2 336.315 333.188 357.637C332.98 359.836 334.791 361.633 337 361.633H413C415.209 361.633 417.02 359.836 416.812 357.637C414.8 336.315 396.848 319.633 375 319.633Z"
                                  fill="#34383F"
                                  fill-opacity="0.5"
                                />
                              </g>
                              <defs>
                                <clippath
                                  id="clip0_2077_164167"
                                >
                                  <rect
                                    fill="white"
                                    height="100%"
                                    width="100%"
                                  />
                                </clippath>
                              </defs>
                            </svg>
                          </div>
                          <div
                            class="emotion-24"
                          >
                            <h2
                              class="profile-name emotion-25"
                              data-cvent-id="design-profile-card-name"
                            >
                              Mrs. Ranae Carter Monroe, PhD
                            </h2>
                            <div
                              class="emotion-26"
                            >
                              <div
                                data-cvent-id="design-profile-card-job-title"
                              >
                                RM
                              </div>
                              <div
                                data-cvent-id="design-profile-card-company"
                              >
                                Dunder Mifflin Inc
                              </div>
                            </div>
                          </div>
                        </div>
                      </div>
                      <div
                        class="emotion-16"
                      >
                        <div
                          class="emotion-18"
                        />
                        <div
                          class="emotion-29"
                        />
                      </div>
                    </div>
                  </div>
                </div>
              </div>
            </div>
          </div>
        </div>
      </div>
    </div>
  </div>
</body>
`;

exports[`Member Profile renders member profile fields component 1`] = `
{
  "debug": [Function],
  "findAllByAltText": [Function],
  "findAllByDisplayValue": [Function],
  "findAllByLabelText": [Function],
  "findAllByPlaceholderText": [Function],
  "findAllByRole": [Function],
  "findAllByTestId": [Function],
  "findAllByText": [Function],
  "findAllByTitle": [Function],
  "findByAltText": [Function],
  "findByDisplayValue": [Function],
  "findByLabelText": [Function],
  "findByPlaceholderText": [Function],
  "findByRole": [Function],
  "findByTestId": [Function],
  "findByText": [Function],
  "findByTitle": [Function],
  "getAllByAltText": [Function],
  "getAllByDisplayValue": [Function],
  "getAllByLabelText": [Function],
  "getAllByPlaceholderText": [Function],
  "getAllByRole": [Function],
  "getAllByTestId": [Function],
  "getAllByText": [Function],
  "getAllByTitle": [Function],
  "getByAltText": [Function],
  "getByDisplayValue": [Function],
  "getByLabelText": [Function],
  "getByPlaceholderText": [Function],
  "getByRole": [Function],
  "getByTestId": [Function],
  "getByText": [Function],
  "getByTitle": [Function],
  "logTestingPlaygroundURL": [Function],
  "queryAllByAltText": [Function],
  "queryAllByDisplayValue": [Function],
  "queryAllByLabelText": [Function],
  "queryAllByPlaceholderText": [Function],
  "queryAllByRole": [Function],
  "queryAllByTestId": [Function],
  "queryAllByText": [Function],
  "queryAllByTitle": [Function],
  "queryByAltText": [Function],
  "queryByDisplayValue": [Function],
  "queryByLabelText": [Function],
  "queryByPlaceholderText": [Function],
  "queryByRole": [Function],
  "queryByTestId": [Function],
  "queryByText": [Function],
  "queryByTitle": [Function],
}
`;
