// Jest Snapshot v1, https://goo.gl/fbAQLP

exports[`Channel Information Render Channel Information View Page 1`] = `
.emotion-0 {
  direction: ltr;
  font-family: 'Rubik','Helvetica','Arial';
  color: rgb(26,32,38);
  display: -webkit-box;
  display: -webkit-flex;
  display: -ms-flexbox;
  display: flex;
  overflow: hidden;
  border-radius: 10px;
  background-color: rgb(255,255,255);
  box-shadow: 0px 4px 16px -4px rgba(0, 0, 0, 0.10);
  -webkit-flex-direction: row;
  -ms-flex-direction: row;
  flex-direction: row;
  width: 100%;
}

.emotion-1 {
  padding: 0.75rem 1.5rem 1.5rem 1.25rem;
  height: 100%;
  width: 100%;
}

.emotion-2 {
  display: -webkit-box;
  display: -webkit-flex;
  display: -ms-flexbox;
  display: flex;
  -webkit-align-items: flex-start;
  -webkit-box-align: flex-start;
  -ms-flex-align: flex-start;
  align-items: flex-start;
  -webkit-box-pack: center;
  -ms-flex-pack: center;
  -webkit-justify-content: center;
  justify-content: center;
  min-width: 0;
  -webkit-flex: 1 0 50%;
  -ms-flex: 1 0 50%;
  flex: 1 0 50%;
}

.emotion-3 {
  width: 100%;
  position: relative;
}

.emotion-4 {
  direction: inherit;
  box-sizing: border-box;
  width: 100%;
  display: -webkit-box;
  display: -webkit-flex;
  display: -ms-flexbox;
  display: flex;
  -webkit-box-flex-wrap: wrap;
  -webkit-flex-wrap: wrap;
  -ms-flex-wrap: wrap;
  flex-wrap: wrap;
  -webkit-flex-shrink: 0;
  -ms-flex-negative: 0;
  flex-shrink: 0;
  -webkit-box-flex: 0;
  -webkit-flex-grow: 0;
  -ms-flex-positive: 0;
  flex-grow: 0;
  -webkit-flex-basis: auto;
  -ms-flex-preferred-size: auto;
  flex-basis: auto;
  -webkit-align-items: stretch;
  -webkit-box-align: stretch;
  -ms-flex-align: stretch;
  align-items: stretch;
  min-height: 0;
  -webkit-box-pack: start;
  -ms-flex-pack: start;
  -webkit-justify-content: flex-start;
  justify-content: flex-start;
}

.emotion-5 {
  direction: inherit;
  box-sizing: border-box;
  position: relative;
  display: block;
  -webkit-flex-shrink: 0;
  -ms-flex-negative: 0;
  flex-shrink: 0;
  -webkit-box-flex: 0;
  -webkit-flex-grow: 0;
  -ms-flex-positive: 0;
  flex-grow: 0;
  -webkit-flex-basis: auto;
  -ms-flex-preferred-size: auto;
  flex-basis: auto;
  -webkit-box-flex-wrap: nowrap;
  -webkit-flex-wrap: nowrap;
  -ms-flex-wrap: nowrap;
  flex-wrap: nowrap;
  -webkit-flex-direction: row;
  -ms-flex-direction: row;
  flex-direction: row;
  -webkit-box-pack: start;
  -ms-flex-pack: start;
  -webkit-justify-content: start;
  justify-content: start;
  -webkit-align-items: stretch;
  -webkit-box-align: stretch;
  -ms-flex-align: stretch;
  align-items: stretch;
  min-height: inherit;
  min-width: 0px;
  width: 100%;
  margin-left: 0px;
  margin-right: 0px;
  padding-left: 8px;
  padding-right: 8px;
}

@media (min-width: 336px) {
  .emotion-5 {
    min-width: 0px;
    width: 100%;
    -webkit-box-flex: 0;
    -webkit-flex-grow: 0;
    -ms-flex-positive: 0;
    flex-grow: 0;
    margin-left: 0px;
    margin-right: 0px;
  }
}

@media (min-width: 560px) {
  .emotion-5 {
    min-width: 0px;
    width: 100%;
    -webkit-box-flex: 0;
    -webkit-flex-grow: 0;
    -ms-flex-positive: 0;
    flex-grow: 0;
    margin-left: 0px;
    margin-right: 0px;
  }
}

@media (min-width: 1080px) {
  .emotion-5 {
    min-width: 0px;
    width: 100%;
    -webkit-box-flex: 0;
    -webkit-flex-grow: 0;
    -ms-flex-positive: 0;
    flex-grow: 0;
    margin-left: 0px;
    margin-right: 0px;
    padding-left: 12px;
    padding-right: 12px;
  }
}

@media (min-width: 1464px) {
  .emotion-5 {
    min-width: 0px;
    width: 100%;
    -webkit-box-flex: 0;
    -webkit-flex-grow: 0;
    -ms-flex-positive: 0;
    flex-grow: 0;
    margin-left: 0px;
    margin-right: 0px;
  }
}

.emotion-6 {
  display: -webkit-box;
  display: -webkit-flex;
  display: -ms-flexbox;
  display: flex;
  -webkit-flex-direction: row;
  -ms-flex-direction: row;
  flex-direction: row;
  -webkit-box-pack: justify;
  -webkit-justify-content: space-between;
  justify-content: space-between;
}

.emotion-7 {
  direction: inherit;
  box-sizing: border-box;
  position: relative;
  display: block;
  -webkit-flex-shrink: 0;
  -ms-flex-negative: 0;
  flex-shrink: 0;
  -webkit-box-flex: 0;
  -webkit-flex-grow: 0;
  -ms-flex-positive: 0;
  flex-grow: 0;
  -webkit-flex-basis: auto;
  -ms-flex-preferred-size: auto;
  flex-basis: auto;
  -webkit-box-flex-wrap: nowrap;
  -webkit-flex-wrap: nowrap;
  -ms-flex-wrap: nowrap;
  flex-wrap: nowrap;
  -webkit-flex-direction: row;
  -ms-flex-direction: row;
  flex-direction: row;
  -webkit-box-pack: start;
  -ms-flex-pack: start;
  -webkit-justify-content: start;
  justify-content: start;
  -webkit-align-items: stretch;
  -webkit-box-align: stretch;
  -ms-flex-align: stretch;
  align-items: stretch;
  min-height: inherit;
  min-width: 0px;
  width: 66.66666666666666%;
  margin-left: 0px;
  margin-right: 0px;
  padding-left: 8px;
  padding-right: 8px;
}

@media (min-width: 336px) {
  .emotion-7 {
    min-width: 0px;
    width: 66.66666666666666%;
    -webkit-box-flex: 0;
    -webkit-flex-grow: 0;
    -ms-flex-positive: 0;
    flex-grow: 0;
    margin-left: 0px;
    margin-right: 0px;
  }
}

@media (min-width: 560px) {
  .emotion-7 {
    min-width: 0px;
    width: 66.66666666666666%;
    -webkit-box-flex: 0;
    -webkit-flex-grow: 0;
    -ms-flex-positive: 0;
    flex-grow: 0;
    margin-left: 0px;
    margin-right: 0px;
  }
}

@media (min-width: 1080px) {
  .emotion-7 {
    min-width: 0px;
    width: 66.66666666666666%;
    -webkit-box-flex: 0;
    -webkit-flex-grow: 0;
    -ms-flex-positive: 0;
    flex-grow: 0;
    margin-left: 0px;
    margin-right: 0px;
    padding-left: 12px;
    padding-right: 12px;
  }
}

@media (min-width: 1464px) {
  .emotion-7 {
    min-width: 0px;
    width: 66.66666666666666%;
    -webkit-box-flex: 0;
    -webkit-flex-grow: 0;
    -ms-flex-positive: 0;
    flex-grow: 0;
    margin-left: 0px;
    margin-right: 0px;
  }
}

.emotion-8 {
  -webkit-appearance: none;
  -moz-appearance: none;
  -ms-appearance: none;
  appearance: none;
  box-sizing: border-box;
  display: block;
  margin: 0;
  padding: 0 0 1rem 0;
  width: 100%;
  vertical-align: top;
  -webkit-align-items: left;
  -webkit-box-align: left;
  -ms-flex-align: left;
  align-items: left;
  text-align: left;
  direction: ltr;
}

.emotion-9 {
  direction: ltr;
  box-sizing: border-box;
  position: relative;
  width: 100%;
}

.emotion-9:focus-within>fieldset {
  border-color: rgb(0,106,225);
  border-width: 1px;
  border-style: solid;
  transition-property: border-color;
  transition-duration: 100ms;
  transition-timing-function: cubic-bezier(0.2, 0, 0.4, 0.9);
  outline: 0;
  box-shadow: 0 0 0 2px #4494EF;
}

.emotion-10 {
  direction: ltr;
  color: rgb(105,113,122);
  display: block;
  position: relative;
  font-family: 'Rubik','Helvetica','Arial';
  font-style: normal;
  font-weight: 400;
  letter-spacing: normal;
  line-height: 1.5;
  margin: 0 0 0.25rem 0;
  padding: 0;
  text-indent: 0;
  text-shadow: none;
  text-transform: none;
  vertical-align: top;
  font-size: 0.875rem;
}

.emotion-11 {
  color: rgb(219,44,0);
  font-family: 'Rubik','Helvetica','Arial';
  font-size: 1.25rem;
  font-style: normal;
  font-weight: 300;
  letter-spacing: normal;
  line-height: 1.5;
  position: absolute;
  -webkit-text-decoration: none!important;
  text-decoration: none!important;
  text-indent: 0;
  text-shadow: none;
  text-transform: none;
  -webkit-transition: left 100ms;
  transition: left 100ms;
  left: -10px;
}

.emotion-12 {
  -webkit-appearance: none;
  border: 0;
  border-radius: 6px;
  box-sizing: border-box;
  color: rgb(26,32,38);
  display: block;
  font-family: 'Rubik','Helvetica','Arial';
  font-size: 1rem;
  font-weight: 400;
  height: 40px;
  letter-spacing: normal;
  line-height: 1.5;
  margin: 0;
  padding: 0 1rem;
  text-align: left;
  text-indent: 0;
  text-shadow: none;
  text-transform: none;
  vertical-align: middle;
  width: 100%;
  background-color: rgb(255,255,255);
}

.emotion-12:focus {
  outline: 0;
}

.emotion-12::-webkit-input-placeholder {
  color: rgb(105,113,122);
}

.emotion-12::-moz-placeholder {
  color: rgb(105,113,122);
}

.emotion-12:-ms-input-placeholder {
  color: rgb(105,113,122);
}

.emotion-12::placeholder {
  color: rgb(105,113,122);
}

.emotion-12::-ms-clear {
  display: none;
}

.emotion-12:disabled {
  pointer-events: none;
  border-color: rgb(217,220,222);
  color: rgb(154, 159, 166);
}

.emotion-12:disabled::-webkit-input-placeholder {
  color: rgba(154,159,166,0.4);
}

.emotion-12:disabled::-moz-placeholder {
  color: rgba(154,159,166,0.4);
}

.emotion-12:disabled:-ms-input-placeholder {
  color: rgba(154,159,166,0.4);
}

.emotion-12:disabled::placeholder {
  color: rgba(154,159,166,0.4);
}

.emotion-13 {
  border-width: 1px;
  border-style: solid;
  border-color: rgb(105,113,122);
  border-radius: 6px;
  background: transparent;
  position: absolute;
  padding: 0;
  margin: 0;
  box-sizing: border-box;
  overflow: hidden;
  pointer-events: none;
  height: 50px;
  width: 100%;
  top: unset;
  bottom: 0;
}

.emotion-14 {
  display: block;
  font-family: 'Rubik','Helvetica','Arial';
  font-size: 0.875rem;
  font-style: normal;
  font-weight: 400;
  height: 19.5px;
  letter-spacing: normal;
  line-height: 19.5px;
  margin: 0;
  padding: 0;
  transition-duration: 100ms;
  transition-property: width;
  visibility: hidden;
  width: 0;
}

.emotion-15 {
  font-family: 'Rubik','Helvetica','Arial';
  font-size: 0.8125rem;
  font-style: normal;
  font-weight: 400;
  letter-spacing: normal;
  line-height: 1.5;
  text-indent: 0;
  text-shadow: none;
  text-transform: none;
  display: block;
  margin: 0.25rem 0 0;
  padding: 0;
  vertical-align: top;
  text-align: left;
  direction: ltr;
  color: rgb(105,113,122);
}

.emotion-16 {
  position: relative;
}

.emotion-21 {
  -webkit-appearance: none;
  -moz-appearance: none;
  -ms-appearance: none;
  appearance: none;
  border-color: transparent;
  border-style: solid;
  border-width: 0 0.125rem 0.125rem 0.125rem;
  box-sizing: border-box;
  color: rgb(26,32,38);
  direction: ltr;
  font-family: 'Rubik','Helvetica','Arial';
  font-size: 1rem;
  font-style: normal;
  font-weight: 400;
  height: 100%;
  letter-spacing: 0;
  line-height: 1.5;
  margin: 0.5rem 0 -0.25rem 0;
  overflow: auto;
  padding: 0 1rem 0.5rem 1rem;
  resize: vertical;
  text-align: left;
  text-align-vertical: top;
  text-indent: 0;
  text-shadow: none;
  text-transform: none;
  width: 100%;
  min-height: 7.5rem;
  background-color: rgb(255,255,255);
}

.emotion-21:focus {
  outline: 0;
}

.emotion-21:focus-visible {
  outline: 2px solid transparent;
}

.emotion-21::-webkit-input-placeholder {
  color: rgb(105,113,122);
}

.emotion-21::-moz-placeholder {
  color: rgb(105,113,122);
}

.emotion-21:-ms-input-placeholder {
  color: rgb(105,113,122);
}

.emotion-21::placeholder {
  color: rgb(105,113,122);
}

.emotion-21:disabled {
  border-color: transparent;
  color: rgb(154, 159, 166);
  pointer-events: none;
}

.emotion-21:disabled::-webkit-input-placeholder {
  color: rgba(154,159,166,0.4);
}

.emotion-21:disabled::-moz-placeholder {
  color: rgba(154,159,166,0.4);
}

.emotion-21:disabled:-ms-input-placeholder {
  color: rgba(154,159,166,0.4);
}

.emotion-21:disabled::placeholder {
  color: rgba(154,159,166,0.4);
}

.emotion-22 {
  border-width: 1px;
  border-style: solid;
  border-color: rgb(105,113,122);
  border-radius: 6px;
  background: transparent;
  position: absolute;
  padding: 0;
  margin: 0;
  box-sizing: border-box;
  overflow: hidden;
  pointer-events: none;
  height: 138px;
  width: 100%;
  top: unset;
  bottom: 0;
}

.emotion-24 {
  clip: rect(0 0 0 0);
  -webkit-clip-path: inset(50%);
  clip-path: inset(50%);
  height: 1px;
  overflow: hidden;
  position: absolute;
  white-space: nowrap;
  width: 1px;
}

.emotion-25 {
  color: rgb(105,113,122);
  direction: ltr;
  display: block;
  font-family: 'Rubik','Helvetica','Arial';
  font-size: 0.8125rem;
  font-style: normal;
  font-weight: 400;
  letter-spacing: normal;
  line-height: 1.5;
  padding: 0;
  margin: 0.25rem 0 0 0;
  text-align: left;
  text-indent: 0;
  text-shadow: none;
  text-transform: none;
}

.emotion-26 {
  position: absolute;
  width: 1px;
  height: 1px;
  overflow: hidden;
  top: -999px;
  left: -999px;
}

.emotion-26 iframe {
  position: absolute;
  width: 1px;
  height: 1px;
  overflow: hidden;
}

.emotion-29 {
  display: -webkit-box;
  display: -webkit-flex;
  display: -ms-flexbox;
  display: flex;
}

.emotion-30 {
  position: relative;
}

.emotion-31 {
  font-family: 'Rubik','Helvetica','Arial';
  font-style: normal;
  font-weight: 300;
  letter-spacing: normal;
  line-height: 1.5;
  text-indent: 0;
  text-shadow: none;
  text-transform: none;
  position: absolute;
  color: rgb(219,44,0);
  font-size: 1.25rem;
  left: -11px;
  text-align: left;
}

.emotion-32 {
  font-family: 'Rubik','Helvetica','Arial';
  font-style: normal;
  font-weight: 400;
  letter-spacing: normal;
  line-height: 1.5;
  text-indent: 0;
  text-shadow: none;
  text-transform: none;
  color: rgb(105,113,122);
  display: block;
  font-size: 0.875rem;
  margin: 0 0 0.25rem;
  padding: 0;
  vertical-align: top;
  text-align: left;
}

.emotion-33 {
  margin-left: 0.2rem;
  padding: 0.1rem;
  background: inherit;
  border: none;
}

.emotion-34 {
  width: 1rem;
  height: 1rem;
  fill: rgb(105,113,122);
}

.emotion-35 {
  font-family: 'Rubik','Helvetica','Arial';
  font-style: normal;
  font-weight: 400;
  letter-spacing: normal;
  line-height: 1.25;
  text-align: left;
  text-indent: 0;
  text-shadow: none;
  text-transform: none;
  box-sizing: border-box;
  clear: both;
  color: rgb(26,32,38);
  display: block;
  font-size: 0.875rem;
  list-style-type: none;
  margin: 0;
  outline: 0;
  padding: 0;
}

.emotion-36 {
  position: relative;
  padding: 0.5rem 0;
  outline: none;
  display: inherit;
}

.emotion-37 {
  position: absolute;
  left: -9999px;
}

.emotion-38 {
  display: inline-block;
  font-size: 0.875rem;
  margin-left: 1rem;
  padding-left: 0.5rem;
  position: relative;
  color: rgb(154, 159, 166);
  cursor: not-allowed;
}

.emotion-38::before {
  border-radius: 50%;
  box-sizing: border-box;
  content: "";
  display: block;
  position: absolute;
  top: 0;
  height: 1rem;
  width: 1rem;
  font-size: 1rem;
  cursor: pointer;
  padding-left: 0.5rem;
  left: -1rem;
  transition-property: box-shadow;
  transition-duration: 100ms;
  transition-timing-function: cubic-bezier(0.2, 0, 0.4, 0.9);
  border: 1px solid rgb(217,220,222);
  background: rgb(217,220,222);
}

.emotion-38::after {
  border-radius: 50%;
  box-sizing: border-box;
  content: "";
  display: block;
  position: absolute;
  cursor: pointer;
  font-size: 1rem;
  background: rgb(255,255,255);
  left: -11px;
  top: 5px;
  height: 0.375rem;
  width: 0.375rem;
}

.emotion-41 {
  display: inline-block;
  font-size: 0.875rem;
  margin-left: 1rem;
  padding-left: 0.5rem;
  position: relative;
  color: rgb(154, 159, 166);
  cursor: not-allowed;
}

.emotion-41::before {
  border-radius: 50%;
  box-sizing: border-box;
  content: "";
  display: block;
  position: absolute;
  top: 0;
  height: 1rem;
  width: 1rem;
  font-size: 1rem;
  cursor: not-allowed;
  padding-left: 0.5rem;
  left: -1rem;
  transition-property: box-shadow;
  transition-duration: 100ms;
  transition-timing-function: cubic-bezier(0.2, 0, 0.4, 0.9);
  background-color: rgb(217,220,222);
  color: rgb(154, 159, 166);
}

.emotion-42 {
  display: -webkit-box;
  display: -webkit-flex;
  display: -ms-flexbox;
  display: flex;
  color: rgb(154, 159, 166);
  padding-bottom: 0.5rem;
}

.emotion-47 {
  max-width: 20rem;
}

.emotion-48 {
  overflow: hidden;
  aspect-ratio: 1.78;
  position: relative;
  background-color: rgb(247,248,249);
}

.emotion-49 {
  position: absolute;
  top: 0;
  left: 0;
  object-fit: cover;
  width: 100%;
  height: 100%;
}

.emotion-50 {
  display: -webkit-box;
  display: -webkit-flex;
  display: -ms-flexbox;
  display: flex;
  -webkit-align-items: center;
  -webkit-box-align: center;
  -ms-flex-align: center;
  align-items: center;
  -webkit-box-pack: center;
  -ms-flex-pack: center;
  -webkit-justify-content: center;
  justify-content: center;
  height: 100%;
}

.emotion-51 {
  width: 1.5rem;
  height: 1.5rem;
  fill: currentColor;
}

.emotion-52 {
  margin-top: 0.5rem;
  width: 100%;
}

.emotion-54 {
  margin-top: 1rem;
  margin-right: 1rem;
}

.emotion-55 {
  direction: ltr;
  -webkit-align-items: center;
  -webkit-box-align: center;
  -ms-flex-align: center;
  align-items: center;
  background-color: transparent;
  border: 1px solid #006DE9;
  border-radius: 10px;
  box-sizing: border-box;
  cursor: pointer;
  display: -webkit-inline-box;
  display: -webkit-inline-flex;
  display: -ms-inline-flexbox;
  display: inline-flex;
  font-family: 'Rubik','Helvetica','Arial';
  font-style: normal;
  font-weight: 400;
  height: 36px;
  -webkit-box-pack: center;
  -ms-flex-pack: center;
  -webkit-justify-content: center;
  justify-content: center;
  letter-spacing: 0;
  margin-right: 0;
  margin-left: 0;
  max-width: 100%;
  padding-bottom: 0;
  padding-top: 0;
  -webkit-text-decoration: none;
  text-decoration: none;
  -webkit-transition: background-color cubic-bezier(0, 0, 0.39, 1) 100ms,color cubic-bezier(0, 0, 0.39, 1) 100ms,border-color cubic-bezier(0, 0, 0.39, 1) 100ms,box-shadow cubic-bezier(0.2, 0, 0.4, 0.9) 100ms;
  transition: background-color cubic-bezier(0, 0, 0.39, 1) 100ms,color cubic-bezier(0, 0, 0.39, 1) 100ms,border-color cubic-bezier(0, 0, 0.39, 1) 100ms,box-shadow cubic-bezier(0.2, 0, 0.4, 0.9) 100ms;
  color: #006DE9;
  font-size: 0.875rem;
  padding-left: 1rem;
  padding-right: 1rem;
  min-width: 80px;
}

@media (hover: hover) {
  .emotion-55:hover {
    background-color: rgb(0,106,225);
    color: rgb(255,255,255);
  }

  .emotion-55:hover svg {
    fill: rgb(255,255,255);
  }
}

.emotion-55:active {
  background-color: #004CD6;
  color: rgb(255,255,255);
  -webkit-transform: scale(0.96);
  -moz-transform: scale(0.96);
  -ms-transform: scale(0.96);
  transform: scale(0.96);
}

.emotion-55:active svg {
  fill: rgb(255,255,255);
}

.emotion-55:focus-visible {
  outline: none;
  box-shadow: 0 0 0 2px #4494EF;
}

.emotion-56 {
  -webkit-align-items: center;
  -webkit-box-align: center;
  -ms-flex-align: center;
  align-items: center;
  display: -webkit-box;
  display: -webkit-flex;
  display: -ms-flexbox;
  display: flex;
  margin: 0;
  margin-right: 0.5rem;
}

.emotion-57 {
  width: 1rem;
  height: 1rem;
  fill: #006DE9;
}

.emotion-58 {
  min-width: 0;
  overflow: hidden;
  white-space: nowrap;
  text-overflow: ellipsis;
}

.emotion-59 {
  font-size: 0.75rem;
  color: rgb(105,113,122);
  line-height: 1.125rem;
  font-weight: 400;
  margin-bottom: 0.125rem;
  margin-top: 1rem;
}

.emotion-60 {
  font-size: 0.75rem;
  color: rgb(105,113,122);
  line-height: 1.125rem;
  font-weight: 400;
  margin-top: 0rem;
}

<body>
  <div>
    <div
      class="emotion-0"
    >
      <div
        class="emotion-1"
      >
        <div
          class="emotion-2"
        >
          <form
            class="emotion-3"
            data-cvent-id="channel-information-form"
            id="channel-information-form"
            novalidate=""
          >
            <div
              class="emotion-4"
              data-layout="row"
            >
              <div
                class="emotion-5"
                data-layout="col"
              >
                <div
                  class="emotion-6"
                >
                  <h2>
                    Basic Information
                  </h2>
                </div>
              </div>
              <div
                class="emotion-7"
                data-layout="col"
              >
                <div>
                  <div
                    class="emotion-8"
                  >
                    <div
                      class="emotion-9"
                      data-cvent-id="channel-name-input-field"
                    >
                      <label
                        class="emotion-10"
                        data-cvent-id="channel-name-input-field-label"
                        for="channel-name-input-field"
                        id="channel-name-input-field-label"
                      >
                        <abbr
                          class="emotion-11"
                        >
                          *
                        </abbr>
                        Name
                      </label>
                      <input
                        aria-describedby="channel-name-input-field-messages-container"
                        aria-invalid="false"
                        aria-label="Name"
                        class="emotion-12"
                        data-cvent-id="channel-name-input-field-input"
                        id="channel-name-input-field"
                        maxlength="100"
                        name="title"
                        required=""
                        value="Test Channel"
                      />
                      <fieldset
                        aria-hidden="true"
                        class="emotion-13"
                        data-cvent-id="channel-name-input-field-fieldset"
                        id="channel-name-input-field-fieldset"
                      >
                        <legend
                          class="emotion-14"
                          data-cvent-id="channel-name-input-field-legend"
                          id="channel-name-input-field-legend"
                        >
                          Name
                        </legend>
                      </fieldset>
                    </div>
                    <div
                      id="channel-name-input-field-messages-container"
                    >
                      <div
                        class="emotion-15"
                        data-cvent-id="channel-name-input-field-messages-info-0"
                      >
                        88 characters left
                      </div>
                    </div>
                  </div>
                </div>
                <div
                  class="emotion-16"
                >
                  <div>
                    <div
                      class="emotion-8"
                    >
                      <div
                        class="emotion-9"
                        data-cvent-id="channel-description-input-field"
                      >
                        <label
                          class="emotion-10"
                          data-cvent-id="channel-description-input-field-label"
                          for="channel-description-input-field"
                          id="channel-description-input-field-label"
                        >
                          <abbr
                            class="emotion-11"
                          >
                            *
                          </abbr>
                          Description
                        </label>
                        <textarea
                          aria-describedby="channel-description-input-field-messages undefined channel-description-input-field-character-count"
                          aria-invalid="false"
                          aria-label="Description"
                          class="emotion-21"
                          data-cvent-id="channel-description-input-field-textarea"
                          id="channel-description-input-field"
                          maxlength="1000"
                          required=""
                        >
                          This is a test Channel
                        </textarea>
                        <fieldset
                          aria-hidden="true"
                          class="emotion-22"
                          data-cvent-id="channel-description-input-field-fieldset"
                          id="channel-description-input-field-fieldset"
                        >
                          <legend
                            class="emotion-14"
                            data-cvent-id="channel-description-input-field-legend"
                            id="channel-description-input-field-legend"
                          >
                            Description
                          </legend>
                        </fieldset>
                      </div>
                      <span
                        aria-live="assertive"
                        class="emotion-24"
                      />
                      <div
                        class="emotion-25"
                        data-cvent-id="channel-description-input-field-character-count"
                        id="channel-description-input-field-character-count"
                      >
                        978 characters remaining
                      </div>
                    </div>
                  </div>
                  <div
                    class="emotion-26"
                  >
                    <iframe
                      name=""
                      src="undefined/feature"
                    />
                  </div>
                </div>
                <div
                  class="emotion-8"
                >
                  <label
                    class="emotion-10"
                    data-cvent-id="channel-status-input-field-label"
                    id="channel-status-input-field-label"
                  >
                    <div
                      class="emotion-29"
                    >
                      <div
                        class="emotion-30"
                      >
                        <span
                          aria-hidden="true"
                          class="emotion-31"
                        >
                          *
                        </span>
                        <label
                          class="emotion-32"
                          for="status"
                        >
                          Status
                        </label>
                      </div>
                      <div>
                        <span
                          class="emotion-33"
                          id="channel_status_help_circle_icon"
                          role="tooltip"
                          tabindex="0"
                        >
                          <svg
                            aria-hidden="true"
                            class="emotion-34"
                            focusable="false"
                            role="img"
                            viewBox="0 0 32 32"
                            xmlns="http://www.w3.org/2000/svg"
                          >
                            <g>
                              <svg
                                viewBox="0 0 24 24"
                              >
                                <path
                                  d="M12 1C5.9 1 1 5.9 1 12s4.9 11 11 11 11-4.9 11-11S18.1 1 12 1zm0 20c-5 0-9-4-9-9s4-9 9-9 9 4 9 9-4 9-9 9zm0-5.25a1.25 1.25 0 110 2.5 1.25 1.25 0 010-2.5zM10.2 6.4c1-.5 2.1-.5 3.1-.1 1.5.5 2.6 2 2.7 3.9 0 2.6-3.3 3.8-3.7 3.9-.1.1-.2.1-.3.1-.4 0-.8-.3-.9-.7-.2-.6.1-1.1.6-1.3.6-.3 2.3-1.1 2.3-2.1 0-.9-.5-1.7-1.3-1.9-.6-.2-1.1-.2-1.6 0s-.8.6-1 1.1c-.2.6-.8.9-1.3.7-.5-.2-.8-.8-.6-1.3.3-1 1-1.8 2-2.3z"
                                />
                                <g
                                  fill-rule="evenodd"
                                >
                                  <use />
                                  <use
                                    fill-rule="nonzero"
                                  />
                                </g>
                              </svg>
                            </g>
                          </svg>
                        </span>
                      </div>
                    </div>
                  </label>
                  <div
                    aria-labelledby="channel-status-input-field-label"
                    class="emotion-35"
                    data-cvent-id="channel-status-input-field"
                    id="channel-status-input-field"
                    role="radiogroup"
                  >
                    <div
                      class="emotion-36"
                      data-cvent-id="channel-status-input-field__div__INACTIVE"
                    >
                      <input
                        aria-checked="true"
                        aria-invalid="false"
                        checked=""
                        class="emotion-37"
                        data-cvent-id="channel-status-input-field__INACTIVE"
                        disabled=""
                        id="channel-status-input-field__status__0"
                        name="status"
                        type="radio"
                        value="INACTIVE"
                      />
                      <label
                        class="emotion-38"
                        for="channel-status-input-field__status__0"
                        id="channel-status-input-field__status__0_label"
                      >
                        Not live
                      </label>
                    </div>
                    <div
                      class="emotion-36"
                      data-cvent-id="channel-status-input-field__div__ACTIVE"
                    >
                      <input
                        aria-checked="false"
                        aria-invalid="false"
                        class="emotion-37"
                        data-cvent-id="channel-status-input-field__ACTIVE"
                        disabled=""
                        id="channel-status-input-field__status__1"
                        name="status"
                        type="radio"
                        value="ACTIVE"
                      />
                      <label
                        class="emotion-41"
                        for="channel-status-input-field__status__1"
                        id="channel-status-input-field__status__1_label"
                      >
                        Live
                      </label>
                    </div>
                  </div>
                </div>
                <div
                  class="emotion-42"
                >
                  <div
                    class="emotion-30"
                  >
                    <label
                      class="emotion-32"
                      for=""
                    >
                      Image
                    </label>
                  </div>
                  <div>
                    <span
                      class="emotion-33"
                      id="channel_status_help_circle_icon"
                      role="tooltip"
                      tabindex="0"
                    >
                      <svg
                        aria-hidden="true"
                        class="emotion-34"
                        focusable="false"
                        role="img"
                        viewBox="0 0 32 32"
                        xmlns="http://www.w3.org/2000/svg"
                      >
                        <g>
                          <svg
                            viewBox="0 0 24 24"
                          >
                            <path
                              d="M12 1C5.9 1 1 5.9 1 12s4.9 11 11 11 11-4.9 11-11S18.1 1 12 1zm0 20c-5 0-9-4-9-9s4-9 9-9 9 4 9 9-4 9-9 9zm0-5.25a1.25 1.25 0 110 2.5 1.25 1.25 0 010-2.5zM10.2 6.4c1-.5 2.1-.5 3.1-.1 1.5.5 2.6 2 2.7 3.9 0 2.6-3.3 3.8-3.7 3.9-.1.1-.2.1-.3.1-.4 0-.8-.3-.9-.7-.2-.6.1-1.1.6-1.3.6-.3 2.3-1.1 2.3-2.1 0-.9-.5-1.7-1.3-1.9-.6-.2-1.1-.2-1.6 0s-.8.6-1 1.1c-.2.6-.8.9-1.3.7-.5-.2-.8-.8-.6-1.3.3-1 1-1.8 2-2.3z"
                            />
                            <g
                              fill-rule="evenodd"
                            >
                              <use />
                              <use
                                fill-rule="nonzero"
                              />
                            </g>
                          </svg>
                        </g>
                      </svg>
                    </span>
                  </div>
                </div>
                <div>
                  <div
                    class="emotion-47"
                  >
                    <div
                      class="emotion-48"
                    >
                      <div
                        class="emotion-49"
                      >
                        <div
                          aria-label="No image uploaded"
                          class="emotion-50"
                          data-cvent-id="image-icon"
                          role="img"
                          title="No image uploaded"
                        >
                          <svg
                            aria-hidden="true"
                            class="emotion-51"
                            focusable="false"
                            role="img"
                            viewBox="0 0 32 32"
                            xmlns="http://www.w3.org/2000/svg"
                          >
                            <g>
                              <svg
                                viewBox="0 0 24 24"
                              >
                                <path
                                  d="M19 2H5C3.3 2 2 3.3 2 5v14c0 1.7 1.3 3 3 3h14c1.7 0 3-1.3 3-3V5c0-1.7-1.3-3-3-3zM4 5c0-.6.4-1 1-1h14c.6 0 1 .4 1 1v7.6l-3.3-3.3c-.4-.4-1-.4-1.4 0L4.7 19.9c-.4-.1-.7-.5-.7-.9V5zm15 15H7.4l8.6-8.6 4 4V19c0 .6-.4 1-1 1zM8.5 11C9.9 11 11 9.9 11 8.5S9.9 6 8.5 6 6 7.1 6 8.5 7.1 11 8.5 11zm0-3c.3 0 .5.2.5.5s-.2.5-.5.5-.5-.2-.5-.5.2-.5.5-.5z"
                                />
                                <g
                                  fill-rule="evenodd"
                                >
                                  <use />
                                  <use
                                    fill-rule="nonzero"
                                  />
                                </g>
                              </svg>
                            </g>
                          </svg>
                        </div>
                      </div>
                    </div>
                  </div>
                  <div
                    class="emotion-52"
                  />
                  <div
                    class="emotion-52"
                  />
                  <div
                    class="emotion-54"
                  >
                    <button
                      class="emotion-55"
                      data-cvent-id="image-upload-button"
                      type="button"
                    >
                      <span
                        class="emotion-56"
                      >
                        <svg
                          aria-hidden="true"
                          class="emotion-57"
                          focusable="false"
                          role="img"
                          viewBox="0 0 32 32"
                          xmlns="http://www.w3.org/2000/svg"
                        >
                          <g>
                            <svg
                              viewBox="0 0 24 24"
                            >
                              <path
                                d="M21 14c-.6 0-1 .4-1 1v4c0 .6-.4 1-1 1H5c-.6 0-1-.4-1-1v-4c0-.6-.4-1-1-1s-1 .4-1 1v4c0 1.7 1.3 3 3 3h14c1.7 0 3-1.3 3-3v-4c0-.6-.4-1-1-1zM7.7 8.7L11 5.4V15c0 .6.4 1 1 1s1-.4 1-1V5.4l3.3 3.3c.2.2.4.3.7.3.3 0 .5-.1.7-.3.4-.4.4-1 0-1.4l-5-5c-.1-.1-.2-.2-.3-.2-.2-.1-.5-.1-.8 0-.1.1-.2.1-.3.2l-5 5c-.4.4-.4 1 0 1.4.4.4 1 .4 1.4 0z"
                              />
                              <g
                                fill-rule="evenodd"
                              >
                                <use />
                                <use
                                  fill-rule="nonzero"
                                />
                              </g>
                            </svg>
                          </g>
                        </svg>
                      </span>
                      <span
                        class="emotion-58"
                      >
                        Upload
                      </span>
                    </button>
                    <label
                      for="uploadImage"
                      hidden=""
                    >
                      Image
                      <input
                        accept=".jpg, .jpeg, .png, .gif"
                        data-cvent-id="image-upload-input"
                        hidden=""
                        id="uploadImage"
                        type="file"
                      />
                    </label>
                  </div>
                  <div>
                    <p
                      class="emotion-59"
                    >
                      Supported file types: JPEG, JPG, PNG. File size up to 5 MB.
                    </p>
                    <p
                      class="emotion-60"
                    >
                      Recommended size: 1280 x 720 pixels. Aspect ratio must be 16:9.
                    </p>
                  </div>
                </div>
              </div>
            </div>
            <button
              hidden=""
              type="submit"
            >
              Click
            </button>
          </form>
        </div>
      </div>
    </div>
  </div>
</body>
`;
