// Jest Snapshot v1, https://goo.gl/fbAQLP

exports[`Top Navigation renders custom component successfully 1`] = `
<body>
  <div>
    <div
      data-cvent-id="custom-header"
      id="custom-header"
    />
  </div>
</body>
`;

exports[`Top Navigation renders custom component successfully 2`] = `
<div
  class="topnav"
  id="myTopnav"
>
  
  
  <a
    class="active"
    href="#home"
  >
    Home
  </a>
  
  
  <a
    href="#news"
  >
    News
  </a>
  
  
  <a
    href="#contact"
  >
    Contact
  </a>
  
  
  <div
    class="dropdown"
  >
    
    
    <button
      class="dropbtn"
    >
      Dropdown 
      
      <i
        class="fa fa-caret-down"
      />
      
    
    </button>
    
    
    <div
      class="dropdown-content"
    >
      
      
      <a
        href="#"
      >
        Link 1
      </a>
      
      
      <a
        href="#"
      >
        Link 2
      </a>
      
      
      <a
        href="#"
      >
        Link 3
      </a>
      
    
    </div>
    
  
  </div>
   
  
  <a
    href="#about"
  >
    About
  </a>
  
 
  <a
    href="#side"
    onclick="openNav()"
  >
    ☰ side
  
  </a>
  <a
    class="icon"
    href="javascript:void(0);"
    onclick="myFunction()"
    style="font-size:15px;"
  >
    ☰
  </a>
  

  <div
    class="sidenav"
    id="mySidenav"
  >
    
  
    <a
      class="closebtn"
      href="javascript:void(0)"
      onclick="closeNav()"
    >
      ×
    </a>
    
  
    <a
      href="#"
    >
      About
    </a>
    
  
    <a
      href="#"
    >
      Services
    </a>
    
  
    <a
      href="#"
    >
      Clients
    </a>
    
  
    <a
      href="#"
    >
      Contact
    </a>
    

  </div>
  

</div>
`;
